
> verify
> npx --no-install vercel build --yes && npm test && npm run check && npm run test:e2e

Installing dependencies...

up to date in 196ms

16 packages are looking for funding
  run `npm fund` for details

> stage:publication
> node scripts/stage-publication.js

{
  "status": "ok",
  "outputDir": "/Users/kooshapari/CodeProjects/Phenotype/repos/koosha-phenotype/.vercel/output",
  "outputDirRelative": ".vercel/output",
  "target": "preview",
  "message": "Build completed successfully.",
  "next": [
    {
      "command": "vercel deploy",
      "when": "Deploy the build output"
    }
  ]
}

> test
> node --test tests/*.test.js

✔ publication outputs exclude macOS Finder metadata at every depth (12.202ms)
✔ Vercel static output contains only staged publication assets and matches source (122.879417ms)
(node:62305) ExperimentalWarning: localStorage is not available because --localstorage-file was not provided.
(Use `node --trace-warnings ...` to show where the warning was created)
✔ lens state accepts engineering and product values (2.312125ms)
✔ lens state rejects unsupported values without notifying (0.137792ms)
✔ diagram contract requires unique nodes and valid edge endpoints (0.623166ms)
✔ NetWeave uses deterministic illustrative data (0.792875ms)
✔ progressive media defaults to a static, reduced-motion-safe fallback (0.114541ms)
✔ OmniRoute static metadata retains its contribution boundary (2.270791ms)
✔ SPA metadata updates every route-level social field (3.810875ms)
✔ Workbench exposes five stable inspection views and three bounded states (0.992625ms)
✔ Workbench state is keyboard friendly and reset returns to the entry view (0.268833ms)
✔ Workbench never schedules playback and describes its no-JS fallback (1.028458ms)
✔ portfolio records have unique slugs and required evidence fields (0.685416ms)
✔ fork entries preserve upstream provenance (0.120709ms)
✔ featured records include authored artifact presentation (0.097125ms)
✔ selected homepage assets distinguish deployed derivatives from retained sources (4.290709ms)
✔ deployed hero asset byte hashes and dimensions match the recorded derivatives exactly (0.71275ms)
✔ homepage featured order responds to the active lens while keeping WITF first (0.331875ms)
✔ all featured records have §13 Evidence Panel field (non-empty evidence string) (0.111708ms)
✔ all featured records have §7 lens annotations per COMPONENT_STATE_MATRIX (0.090833ms)
✔ homepage hero projects (gmk-arch, witf) have §13 asset provenance (src + sha256 + dimensions) (0.152375ms)
✔ public evidence labels retain source distinctions without internal filenames (8.584792ms)
(node:62311) ExperimentalWarning: localStorage is not available because --localstorage-file was not provided.
(Use `node --trace-warnings ...` to show where the warning was created)
✔ Reader initializes, honors saved choices, and handles keyboard focus (25.713041ms)
✔ parseRoute recognizes portfolio views (1.573209ms)
✔ parseRoute separates project detail slugs (0.1365ms)
✔ parseRoute recognizes lens routes from path (0.61ms)
✔ parseRoute returns home for empty and an explicit 404 for unknown routes (0.123666ms)
✔ routeToHash serializes views and project details (0.144458ms)
✔ routeFromLocation honors a legacy project hash only on the Work index (0.269125ms)
✔ ShareCLI recording catalog keeps replay artifacts attributable and separate from the Workbench (20.406458ms)
✔ published recordings preserve the captured bytes and revision (16.657416ms)
✔ ShareCLI workbench exposes four bounded illustrative runtime states (1.11275ms)
✔ ShareCLI workbench is visitor-stepped and resettable without playback (0.220541ms)
✔ ShareCLI workbench keeps its fixture and static-fallback limits visible (1.045ms)
✔ published top-level navigation pages retain meaningful static content (25.951417ms)
✔ every published project has meaningful static content and truthful provenance (20.806291ms)
✔ every published blog post has meaningful static content and clean navigation (2.295792ms)
✔ Substrate plate keeps its ownership boundary explicit (0.601ms)
✔ systems plate views describe architecture, not measured telemetry (0.242417ms)
✔ catalog classification is a disjoint featured, compact, archive partition (0.527458ms)
✔ buildWorkCatalog preserves approved filtering and stable group contracts (18.935292ms)
✔ buildWorkCatalog does not mutate records or the source array (0.642542ms)
✔ archive drawers sort dated records newest first and retain undated source order last (0.167458ms)
✔ work filters expose the approved catalog values (0.94375ms)
✔ matchesWorkFilter includes representative records for every approved filter (0.145792ms)
✔ matchesWorkFilter excludes non-matching and unknown filters (0.087042ms)
✔ filterWorkProjects preserves source order and never mutates its input (1.356167ms)
✔ Work view renders accessible filters, a live total, and distinct catalog structures (2.710083ms)
✔ Work filters rerender the live count and pressed state without changing the route (0.597834ms)
ℹ tests 49
ℹ suites 0
ℹ pass 49
ℹ fail 0
ℹ cancelled 0
ℹ skipped 0
ℹ todo 0
ℹ duration_ms 469.577208

> check
> node --check scripts/app.js && node --check scripts/stage-publication.js && node --check data/projects.js


> test:e2e
> npm run stage:publication && npx playwright test


> stage:publication
> node scripts/stage-publication.js

[WebServer] (node:62490) Warning: The 'NO_COLOR' env is ignored due to the 'FORCE_COLOR' env being set.
[WebServer] (Use `node --trace-warnings ...` to show where the warning was created)

Running 6 tests using 1 worker

(node:62498) Warning: The 'NO_COLOR' env is ignored due to the 'FORCE_COLOR' env being set.
(Use `node --trace-warnings ...` to show where the warning was created)
  ✓  1 tests/browser/acceptance.spec.js:6:1 › Reader shortcut, persistence, reduced motion and focus (807ms)
  ✓  2 tests/browser/acceptance.spec.js:27:1 › clean navigation and saved lens (747ms)
  ✓  3 tests/browser/acceptance.spec.js:44:1 › all project pages have no-JavaScript content and downloads (2.3s)
  ✓  4 tests/browser/acceptance.spec.js:64:1 › top-level navigation pages have no-JavaScript content and clean links (1.2s)
  ✓  5 tests/browser/acceptance.spec.js:89:1 › published blog posts have no-JavaScript content and clean navigation (327ms)
  ✓  6 tests/browser/acceptance.spec.js:106:1 › ShareCLI desktop and mobile accessibility (2.7s)

  6 passed (9.8s)
