
> verify
> npx --no-install vercel build --yes && npm test && npm run check && npm run test:e2e

Installing dependencies...

up to date in 169ms

16 packages are looking for funding
  run `npm fund` for details

> stage:publication
> node scripts/stage-publication.js

{
  "status": "ok",
  "outputDir": "/Users/kooshapari/CodeProjects/Phenotype/repos/koosha-phenotype/.vercel/output",
  "outputDirRelative": ".vercel/output",
  "target": "preview",
  "message": "Build completed successfully.",
  "next": [
    {
      "command": "vercel deploy",
      "when": "Deploy the build output"
    }
  ]
}

> test
> node --test tests/*.test.js

✔ publication outputs exclude macOS Finder metadata at every depth (23.523083ms)
✔ Vercel static output contains only staged publication assets and matches source (29.183708ms)
(node:85743) ExperimentalWarning: localStorage is not available because --localstorage-file was not provided.
(Use `node --trace-warnings ...` to show where the warning was created)
✔ lens state accepts engineering and product values (0.922916ms)
✔ lens state rejects unsupported values without notifying (0.1055ms)
✔ diagram contract requires unique nodes and valid edge endpoints (0.498459ms)
✔ NetWeave uses deterministic illustrative data (0.66125ms)
✔ progressive media defaults to a static, reduced-motion-safe fallback (0.091875ms)
✔ OmniRoute static metadata retains its contribution boundary (1.89775ms)
✔ SPA metadata updates every route-level social field (1.568ms)
✔ Workbench exposes five stable inspection views and three bounded states (0.8645ms)
✔ Workbench state is keyboard friendly and reset returns to the entry view (0.21575ms)
✔ Workbench never schedules playback and describes its no-JS fallback (0.947916ms)
✔ portfolio records have unique slugs and required evidence fields (0.608542ms)
✔ fork entries preserve upstream provenance (0.390834ms)
✔ featured records include authored artifact presentation (0.099625ms)
✔ selected homepage assets distinguish deployed derivatives from retained sources (6.142916ms)
✔ deployed hero asset byte hashes and dimensions match the recorded derivatives exactly (0.61075ms)
✔ homepage featured order responds to the active lens while keeping WITF first (0.301708ms)
✔ all featured records have §13 Evidence Panel field (non-empty evidence string) (0.092459ms)
✔ all featured records have §7 lens annotations per COMPONENT_STATE_MATRIX (0.071125ms)
✔ homepage hero projects (gmk-arch, witf) have §13 asset provenance (src + sha256 + dimensions) (0.103791ms)
✔ public evidence labels retain source distinctions without internal filenames (0.795916ms)
(node:85749) ExperimentalWarning: localStorage is not available because --localstorage-file was not provided.
(Use `node --trace-warnings ...` to show where the warning was created)
✔ Reader initializes, honors saved choices, and handles keyboard focus (5.210542ms)
✔ parseRoute recognizes portfolio views (1.845166ms)
✔ parseRoute separates project detail slugs (0.108042ms)
✔ parseRoute recognizes lens routes from path (0.926208ms)
✔ parseRoute returns home for empty and an explicit 404 for unknown routes (0.408875ms)
✔ routeToHash serializes views and project details (0.193209ms)
✔ routeFromLocation honors a legacy project hash only on the Work index (0.223ms)
✔ ShareCLI recording catalog keeps replay artifacts attributable and separate from the Workbench (0.897625ms)
✔ published recordings preserve the captured bytes and revision (10.346709ms)
✔ ShareCLI workbench exposes four bounded illustrative runtime states (0.904333ms)
✔ ShareCLI workbench is visitor-stepped and resettable without playback (0.176792ms)
✔ ShareCLI workbench keeps its fixture and static-fallback limits visible (0.726417ms)
✔ published top-level navigation pages retain meaningful static content (23.250458ms)
✔ every published project has meaningful static content and truthful provenance (11.932291ms)
✔ Substrate plate keeps its ownership boundary explicit (0.485334ms)
✔ systems plate views describe architecture, not measured telemetry (0.197709ms)
✔ catalog classification is a disjoint featured, compact, archive partition (0.477667ms)
✔ buildWorkCatalog preserves approved filtering and stable group contracts (1.256041ms)
✔ buildWorkCatalog does not mutate records or the source array (0.510708ms)
✔ archive drawers sort dated records newest first and retain undated source order last (0.131666ms)
✔ work filters expose the approved catalog values (0.786042ms)
✔ matchesWorkFilter includes representative records for every approved filter (0.108875ms)
✔ matchesWorkFilter excludes non-matching and unknown filters (0.061834ms)
✔ filterWorkProjects preserves source order and never mutates its input (0.660417ms)
✔ Work view renders accessible filters, a live total, and distinct catalog structures (1.740625ms)
✔ Work filters rerender the live count and pressed state without changing the route (0.444083ms)
ℹ tests 48
ℹ suites 0
ℹ pass 48
ℹ fail 0
ℹ cancelled 0
ℹ skipped 0
ℹ todo 0
ℹ duration_ms 306.982292

> check
> node --check scripts/app.js && node --check scripts/stage-publication.js && node --check data/projects.js


> test:e2e
> npm run stage:publication && npx playwright test


> stage:publication
> node scripts/stage-publication.js

[WebServer] (node:85884) Warning: The 'NO_COLOR' env is ignored due to the 'FORCE_COLOR' env being set.
[WebServer] (Use `node --trace-warnings ...` to show where the warning was created)

Running 5 tests using 1 worker

(node:85885) Warning: The 'NO_COLOR' env is ignored due to the 'FORCE_COLOR' env being set.
(Use `node --trace-warnings ...` to show where the warning was created)
  ✓  1 tests/browser/acceptance.spec.js:5:1 › Reader shortcut, persistence, reduced motion and focus (877ms)
  ✓  2 tests/browser/acceptance.spec.js:26:1 › clean navigation and saved lens (721ms)
  ✓  3 tests/browser/acceptance.spec.js:43:1 › all project pages have no-JavaScript content and downloads (1.2s)
  ✓  4 tests/browser/acceptance.spec.js:63:1 › top-level navigation pages have no-JavaScript content and clean links (612ms)
  ✓  5 tests/browser/acceptance.spec.js:88:1 › ShareCLI desktop and mobile accessibility (2.1s)

  5 passed (6.9s)
