
> verify
> npx --no-install vercel build --yes && npm test && npm run check && npm run test:e2e

Installing dependencies...

up to date in 192ms

16 packages are looking for funding
  run `npm fund` for details

> stage:publication
> node scripts/stage-publication.js

{
  "status": "ok",
  "outputDir": "/Users/kooshapari/CodeProjects/Phenotype/repos/koosha-phenotype/.vercel/output",
  "outputDirRelative": ".vercel/output",
  "target": "preview",
  "message": "Build completed successfully.",
  "next": [
    {
      "command": "vercel deploy",
      "when": "Deploy the build output"
    }
  ]
}

> test
> node --test tests/*.test.js

✔ publication outputs exclude macOS Finder metadata at every depth (53.138625ms)
✔ Vercel static output contains only staged publication assets and matches source (21.495667ms)
(node:66956) ExperimentalWarning: localStorage is not available because --localstorage-file was not provided.
(Use `node --trace-warnings ...` to show where the warning was created)
✔ lens state accepts engineering and product values (2.493708ms)
✔ lens state rejects unsupported values without notifying (0.154667ms)
✔ diagram contract requires unique nodes and valid edge endpoints (0.596125ms)
✔ NetWeave uses deterministic illustrative data (0.79925ms)
✔ progressive media defaults to a static, reduced-motion-safe fallback (0.104541ms)
✔ OmniRoute static metadata retains its contribution boundary (1.852875ms)
✔ SPA metadata updates every route-level social field (1.643208ms)
✔ Workbench exposes five stable inspection views and three bounded states (2.875541ms)
✔ Workbench state is keyboard friendly and reset returns to the entry view (0.304459ms)
✔ Workbench never schedules playback and describes its no-JS fallback (1.457875ms)
✔ portfolio records have unique slugs and required evidence fields (0.6475ms)
✔ fork entries preserve upstream provenance (0.110584ms)
✔ featured records include authored artifact presentation (0.096292ms)
✔ selected homepage assets distinguish deployed derivatives from retained sources (4.88925ms)
✔ deployed hero asset byte hashes and dimensions match the recorded derivatives exactly (0.741083ms)
✔ homepage featured order responds to the active lens while keeping WITF first (0.227041ms)
✔ all featured records have §13 Evidence Panel field (non-empty evidence string) (0.088333ms)
✔ all featured records have §7 lens annotations per COMPONENT_STATE_MATRIX (0.08025ms)
✔ homepage hero projects (gmk-arch, witf) have §13 asset provenance (src + sha256 + dimensions) (20.833791ms)
✔ public evidence labels retain source distinctions without internal filenames (0.930959ms)
(node:66962) ExperimentalWarning: localStorage is not available because --localstorage-file was not provided.
(Use `node --trace-warnings ...` to show where the warning was created)
✔ Reader initializes, honors saved choices, and handles keyboard focus (5.132959ms)
✔ parseRoute recognizes portfolio views (1.145041ms)
✔ parseRoute separates project detail slugs (0.118958ms)
✔ parseRoute recognizes lens routes from path (0.934917ms)
✔ parseRoute returns home for empty and an explicit 404 for unknown routes (0.320292ms)
✔ routeToHash serializes views and project details (0.144916ms)
✔ routeFromLocation honors a legacy project hash only on the Work index (0.217458ms)
✔ ShareCLI recording catalog keeps replay artifacts attributable and separate from the Workbench (1.0665ms)
✔ published recordings preserve the captured bytes and revision (7.866834ms)
✔ ShareCLI workbench exposes four bounded illustrative runtime states (1.091ms)
✔ ShareCLI workbench is visitor-stepped and resettable without playback (0.214625ms)
✔ ShareCLI workbench keeps its fixture and static-fallback limits visible (4.717958ms)
✔ published top-level navigation pages retain meaningful static content (25.830625ms)
✔ every published project has meaningful static content and truthful provenance (14.903583ms)
✔ every published blog post has meaningful static content and clean navigation (1.591791ms)
✔ Substrate plate keeps its ownership boundary explicit (0.797167ms)
✔ systems plate views describe architecture, not measured telemetry (0.289833ms)
✔ catalog classification is a disjoint featured, compact, archive partition (0.547625ms)
✔ buildWorkCatalog preserves approved filtering and stable group contracts (1.487084ms)
✔ buildWorkCatalog does not mutate records or the source array (0.517417ms)
✔ archive drawers sort dated records newest first and retain undated source order last (0.126167ms)
✔ work filters expose the approved catalog values (0.921125ms)
✔ matchesWorkFilter includes representative records for every approved filter (0.138541ms)
✔ matchesWorkFilter excludes non-matching and unknown filters (0.084125ms)
✔ filterWorkProjects preserves source order and never mutates its input (0.772083ms)
✔ Work view renders accessible filters, a live total, and distinct catalog structures (2.159875ms)
✔ Work filters rerender the live count and pressed state without changing the route (0.530334ms)
ℹ tests 49
ℹ suites 0
ℹ pass 49
ℹ fail 0
ℹ cancelled 0
ℹ skipped 0
ℹ todo 0
ℹ duration_ms 438.924417

> check
> node --check scripts/app.js && node --check scripts/stage-publication.js && node --check data/projects.js


> test:e2e
> npm run stage:publication && npx playwright test


> stage:publication
> node scripts/stage-publication.js

[WebServer] (node:67103) Warning: The 'NO_COLOR' env is ignored due to the 'FORCE_COLOR' env being set.
[WebServer] (Use `node --trace-warnings ...` to show where the warning was created)

Running 6 tests using 1 worker

(node:67149) Warning: The 'NO_COLOR' env is ignored due to the 'FORCE_COLOR' env being set.
(Use `node --trace-warnings ...` to show where the warning was created)
  ✓  1 tests/browser/acceptance.spec.js:6:1 › Reader shortcut, persistence, reduced motion and focus (844ms)
  ✓  2 tests/browser/acceptance.spec.js:27:1 › clean navigation and saved lens (761ms)
  ✓  3 tests/browser/acceptance.spec.js:44:1 › all project pages have no-JavaScript content and downloads (1.3s)
  ✓  4 tests/browser/acceptance.spec.js:64:1 › top-level navigation pages have no-JavaScript content and clean links (738ms)
  ✓  5 tests/browser/acceptance.spec.js:89:1 › published blog posts have no-JavaScript content and clean navigation (311ms)
  ✓  6 tests/browser/acceptance.spec.js:106:1 › ShareCLI desktop and mobile accessibility (2.5s)

  6 passed (8.7s)
