
> verify
> npx --no-install vercel build --yes && npm test && npm run check && npm run test:e2e

Installing dependencies...

up to date in 161ms

16 packages are looking for funding
  run `npm fund` for details

> stage:publication
> node scripts/stage-publication.js

{
  "status": "ok",
  "outputDir": "/Users/kooshapari/CodeProjects/Phenotype/repos/koosha-phenotype/.vercel/output",
  "outputDirRelative": ".vercel/output",
  "target": "preview",
  "message": "Build completed successfully.",
  "next": [
    {
      "command": "vercel deploy",
      "when": "Deploy the build output"
    }
  ]
}

> test
> node --test tests/*.test.js

✔ publication outputs exclude macOS Finder metadata at every depth (38.261458ms)
✔ Vercel static output contains only staged publication assets and matches source (18.441041ms)
(node:99525) ExperimentalWarning: localStorage is not available because --localstorage-file was not provided.
(Use `node --trace-warnings ...` to show where the warning was created)
✔ lens state accepts engineering and product values (1.10525ms)
✔ lens state rejects unsupported values without notifying (0.115125ms)
✔ diagram contract requires unique nodes and valid edge endpoints (0.507625ms)
✔ NetWeave uses deterministic illustrative data (0.650959ms)
✔ progressive media defaults to a static, reduced-motion-safe fallback (0.085333ms)
✔ OmniRoute static metadata retains its contribution boundary (2.463916ms)
✔ SPA metadata updates every route-level social field (1.300375ms)
✔ Workbench exposes five stable inspection views and three bounded states (0.928ms)
✔ Workbench state is keyboard friendly and reset returns to the entry view (0.235334ms)
✔ Workbench never schedules playback and describes its no-JS fallback (6.500583ms)
✔ portfolio records have unique slugs and required evidence fields (0.556542ms)
✔ fork entries preserve upstream provenance (0.093542ms)
✔ featured records include authored artifact presentation (0.080709ms)
✔ selected homepage assets distinguish deployed derivatives from retained sources (4.9015ms)
✔ deployed hero asset byte hashes and dimensions match the recorded derivatives exactly (0.610042ms)
✔ homepage featured order responds to the active lens while keeping WITF first (0.167959ms)
✔ all featured records have §13 Evidence Panel field (non-empty evidence string) (0.069042ms)
✔ all featured records have §7 lens annotations per COMPONENT_STATE_MATRIX (0.066333ms)
✔ homepage hero projects (gmk-arch, witf) have §13 asset provenance (src + sha256 + dimensions) (0.103916ms)
✔ public evidence labels retain source distinctions without internal filenames (0.858667ms)
(node:99531) ExperimentalWarning: localStorage is not available because --localstorage-file was not provided.
(Use `node --trace-warnings ...` to show where the warning was created)
✔ Reader initializes, honors saved choices, and handles keyboard focus (2.559542ms)
✔ parseRoute recognizes portfolio views (0.919125ms)
✔ parseRoute separates project detail slugs (0.101875ms)
✔ parseRoute recognizes lens routes from path (0.713417ms)
✔ parseRoute returns home for empty and an explicit 404 for unknown routes (0.117292ms)
✔ routeToHash serializes views and project details (0.123167ms)
✔ routeFromLocation honors a legacy project hash only on the Work index (0.213334ms)
✔ ShareCLI recording catalog keeps replay artifacts attributable and separate from the Workbench (0.905ms)
✔ published recordings preserve the captured bytes and revision (4.4465ms)
✔ ShareCLI workbench exposes four bounded illustrative runtime states (0.917167ms)
✔ ShareCLI workbench is visitor-stepped and resettable without playback (0.179125ms)
✔ ShareCLI workbench keeps its fixture and static-fallback limits visible (0.719ms)
✔ every published project has meaningful static content and truthful provenance (48.906ms)
✔ Substrate plate keeps its ownership boundary explicit (0.489792ms)
✔ systems plate views describe architecture, not measured telemetry (0.193833ms)
✔ catalog classification is a disjoint featured, compact, archive partition (0.448166ms)
✔ buildWorkCatalog preserves approved filtering and stable group contracts (1.153625ms)
✔ buildWorkCatalog does not mutate records or the source array (0.186791ms)
✔ archive drawers sort dated records newest first and retain undated source order last (0.256041ms)
✔ work filters expose the approved catalog values (0.93675ms)
✔ matchesWorkFilter includes representative records for every approved filter (0.116834ms)
✔ matchesWorkFilter excludes non-matching and unknown filters (0.064708ms)
✔ filterWorkProjects preserves source order and never mutates its input (0.931125ms)
✔ Work view renders accessible filters, a live total, and distinct catalog structures (2.027208ms)
✔ Work filters rerender the live count and pressed state without changing the route (0.868917ms)
ℹ tests 47
ℹ suites 0
ℹ pass 47
ℹ fail 0
ℹ cancelled 0
ℹ skipped 0
ℹ todo 0
ℹ duration_ms 372.723084

> check
> node --check scripts/app.js && node --check scripts/stage-publication.js && node --check data/projects.js


> test:e2e
> npm run stage:publication && npx playwright test


> stage:publication
> node scripts/stage-publication.js

Error: http://127.0.0.1:4197 is already used, make sure that nothing is running on the port/url or set reuseExistingServer:true in config.webServer.

