
> verify
> npx --no-install vercel build --yes && npm test && npm run check && npm run test:e2e

Installing dependencies...

up to date in 197ms

16 packages are looking for funding
  run `npm fund` for details

> stage:publication
> node scripts/stage-publication.js

{
  "status": "ok",
  "outputDir": "/Users/kooshapari/CodeProjects/Phenotype/repos/koosha-phenotype/.vercel/output",
  "outputDirRelative": ".vercel/output",
  "target": "preview",
  "message": "Build completed successfully.",
  "next": [
    {
      "command": "vercel deploy",
      "when": "Deploy the build output"
    }
  ]
}

> test
> node --test tests/*.test.js

✔ publication outputs exclude macOS Finder metadata at every depth (83.038416ms)
✔ Vercel static output contains only staged publication assets and matches source (23.864708ms)
(node:80320) ExperimentalWarning: localStorage is not available because --localstorage-file was not provided.
(Use `node --trace-warnings ...` to show where the warning was created)
✔ lens state accepts engineering and product values (3.001916ms)
✔ lens state rejects unsupported values without notifying (0.190583ms)
✔ diagram contract requires unique nodes and valid edge endpoints (0.548792ms)
✔ NetWeave uses deterministic illustrative data (0.732959ms)
✔ progressive media defaults to a static, reduced-motion-safe fallback (0.113334ms)
✔ OmniRoute static metadata retains its contribution boundary (1.95225ms)
✔ SPA metadata updates every route-level social field (2.01375ms)
✔ Workbench exposes five stable inspection views and three bounded states (0.972166ms)
✔ Workbench state is keyboard friendly and reset returns to the entry view (0.251625ms)
✔ Workbench never schedules playback and describes its no-JS fallback (0.846708ms)
✔ portfolio records have unique slugs and required evidence fields (0.693417ms)
✔ fork entries preserve upstream provenance (0.119ms)
✔ featured records include authored artifact presentation (0.098167ms)
✔ selected homepage assets distinguish deployed derivatives from retained sources (6.569167ms)
✔ deployed hero asset byte hashes and dimensions match the recorded derivatives exactly (0.749875ms)
✔ homepage featured order responds to the active lens while keeping WITF first (0.210958ms)
✔ all featured records have §13 Evidence Panel field (non-empty evidence string) (0.138875ms)
✔ all featured records have §7 lens annotations per COMPONENT_STATE_MATRIX (0.386417ms)
✔ homepage hero projects (gmk-arch, witf) have §13 asset provenance (src + sha256 + dimensions) (0.3805ms)
✔ public evidence labels retain source distinctions without internal filenames (7.963084ms)
(node:80326) ExperimentalWarning: localStorage is not available because --localstorage-file was not provided.
(Use `node --trace-warnings ...` to show where the warning was created)
✔ Reader initializes, honors saved choices, and handles keyboard focus (6.557792ms)
✔ parseRoute recognizes portfolio views (1.061208ms)
✔ parseRoute separates project detail slugs (0.114625ms)
✔ parseRoute recognizes lens routes from path (1.122ms)
✔ parseRoute returns home for empty and an explicit 404 for unknown routes (0.929584ms)
✔ routeToHash serializes views and project details (0.184541ms)
✔ routeFromLocation honors a legacy project hash only on the Work index (0.224916ms)
✔ ShareCLI recording catalog keeps replay artifacts attributable and separate from the Workbench (1.432709ms)
✔ published recordings preserve the captured bytes and revision (5.092458ms)
✔ ShareCLI workbench exposes four bounded illustrative runtime states (1.07775ms)
✔ ShareCLI workbench is visitor-stepped and resettable without playback (0.212875ms)
✔ ShareCLI workbench keeps its fixture and static-fallback limits visible (1.263083ms)
✔ published top-level navigation pages retain meaningful static content (20.28575ms)
✔ every published project has meaningful static content and truthful provenance (15.332541ms)
✔ Substrate plate keeps its ownership boundary explicit (0.615333ms)
✔ systems plate views describe architecture, not measured telemetry (0.271541ms)
✔ catalog classification is a disjoint featured, compact, archive partition (0.543833ms)
✔ buildWorkCatalog preserves approved filtering and stable group contracts (2.280584ms)
✔ buildWorkCatalog does not mutate records or the source array (0.619042ms)
✔ archive drawers sort dated records newest first and retain undated source order last (0.15725ms)
✔ work filters expose the approved catalog values (0.955334ms)
✔ matchesWorkFilter includes representative records for every approved filter (0.146958ms)
✔ matchesWorkFilter excludes non-matching and unknown filters (0.085416ms)
✔ filterWorkProjects preserves source order and never mutates its input (1.2485ms)
✔ Work view renders accessible filters, a live total, and distinct catalog structures (2.538667ms)
✔ Work filters rerender the live count and pressed state without changing the route (0.5555ms)
ℹ tests 48
ℹ suites 0
ℹ pass 48
ℹ fail 0
ℹ cancelled 0
ℹ skipped 0
ℹ todo 0
ℹ duration_ms 505.140334

> check
> node --check scripts/app.js && node --check scripts/stage-publication.js && node --check data/projects.js


> test:e2e
> npm run stage:publication && npx playwright test


> stage:publication
> node scripts/stage-publication.js

[WebServer] (node:80477) Warning: The 'NO_COLOR' env is ignored due to the 'FORCE_COLOR' env being set.
[WebServer] (Use `node --trace-warnings ...` to show where the warning was created)

Running 5 tests using 1 worker

(node:80478) Warning: The 'NO_COLOR' env is ignored due to the 'FORCE_COLOR' env being set.
(Use `node --trace-warnings ...` to show where the warning was created)
  ✓  1 tests/browser/acceptance.spec.js:5:1 › Reader shortcut, persistence, reduced motion and focus (707ms)
  ✓  2 tests/browser/acceptance.spec.js:26:1 › clean navigation and saved lens (780ms)
  ✓  3 tests/browser/acceptance.spec.js:43:1 › all project pages have no-JavaScript content and downloads (1.4s)
  ✓  4 tests/browser/acceptance.spec.js:63:1 › top-level navigation pages have no-JavaScript content and clean links (654ms)
  ✓  5 tests/browser/acceptance.spec.js:88:1 › ShareCLI desktop and mobile accessibility (2.5s)

  5 passed (7.7s)
