
> verify
> npx --no-install vercel build --yes && npm test && npm run check && npm run test:e2e

Installing dependencies...

up to date in 153ms

16 packages are looking for funding
  run `npm fund` for details

> stage:publication
> node scripts/stage-publication.js

{
  "status": "ok",
  "outputDir": "/Users/kooshapari/CodeProjects/Phenotype/repos/koosha-phenotype/.vercel/output",
  "outputDirRelative": ".vercel/output",
  "target": "preview",
  "message": "Build completed successfully.",
  "next": [
    {
      "command": "vercel deploy",
      "when": "Deploy the build output"
    }
  ]
}

> test
> node --test tests/*.test.js

✔ publication outputs exclude macOS Finder metadata at every depth (37.223375ms)
✔ Vercel static output contains only staged publication assets and matches source (37.593708ms)
(node:7910) ExperimentalWarning: localStorage is not available because --localstorage-file was not provided.
(Use `node --trace-warnings ...` to show where the warning was created)
✔ lens state accepts engineering and product values (1.375333ms)
✔ lens state rejects unsupported values without notifying (0.364458ms)
✔ diagram contract requires unique nodes and valid edge endpoints (0.489125ms)
✔ NetWeave uses deterministic illustrative data (0.687875ms)
✔ progressive media defaults to a static, reduced-motion-safe fallback (0.096459ms)
✔ OmniRoute static metadata retains its contribution boundary (2.820583ms)
✔ SPA metadata updates every route-level social field (2.0235ms)
✔ Workbench exposes five stable inspection views and three bounded states (1.268209ms)
✔ Workbench state is keyboard friendly and reset returns to the entry view (0.255292ms)
✔ Workbench never schedules playback and describes its no-JS fallback (4.691375ms)
✔ portfolio records have unique slugs and required evidence fields (0.633667ms)
✔ fork entries preserve upstream provenance (0.10075ms)
✔ featured records include authored artifact presentation (0.077458ms)
✔ selected homepage assets distinguish deployed derivatives from retained sources (7.844208ms)
✔ deployed hero asset byte hashes and dimensions match the recorded derivatives exactly (0.741875ms)
✔ homepage featured order responds to the active lens while keeping WITF first (0.210542ms)
✔ all featured records have §13 Evidence Panel field (non-empty evidence string) (0.084666ms)
✔ all featured records have §7 lens annotations per COMPONENT_STATE_MATRIX (0.078667ms)
✔ homepage hero projects (gmk-arch, witf) have §13 asset provenance (src + sha256 + dimensions) (0.115584ms)
✔ public evidence labels retain source distinctions without internal filenames (0.836917ms)
(node:7916) ExperimentalWarning: localStorage is not available because --localstorage-file was not provided.
(Use `node --trace-warnings ...` to show where the warning was created)
✔ Reader initializes, honors saved choices, and handles keyboard focus (2.665334ms)
✔ parseRoute recognizes portfolio views (0.8865ms)
✔ parseRoute separates project detail slugs (0.088125ms)
✔ parseRoute recognizes lens routes from path (0.584833ms)
✔ parseRoute returns home for empty and an explicit 404 for unknown routes (0.068708ms)
✔ routeToHash serializes views and project details (0.104041ms)
✔ routeFromLocation honors a legacy project hash only on the Work index (0.172292ms)
✔ ShareCLI recording catalog keeps replay artifacts attributable and separate from the Workbench (0.906541ms)
✔ published recordings preserve the captured bytes and revision (22.739917ms)
✔ ShareCLI workbench exposes four bounded illustrative runtime states (0.956541ms)
✔ ShareCLI workbench is visitor-stepped and resettable without playback (0.192666ms)
✔ ShareCLI workbench keeps its fixture and static-fallback limits visible (1.735ms)
✔ every published project has meaningful static content and truthful provenance (21.700083ms)
✔ Substrate plate keeps its ownership boundary explicit (0.519375ms)
✔ systems plate views describe architecture, not measured telemetry (0.204708ms)
✔ catalog classification is a disjoint featured, compact, archive partition (0.451792ms)
✔ buildWorkCatalog preserves approved filtering and stable group contracts (3.264ms)
✔ buildWorkCatalog does not mutate records or the source array (0.186791ms)
✔ archive drawers sort dated records newest first and retain undated source order last (0.094583ms)
✔ work filters expose the approved catalog values (1.279709ms)
✔ matchesWorkFilter includes representative records for every approved filter (0.142833ms)
✔ matchesWorkFilter excludes non-matching and unknown filters (0.071875ms)
✔ filterWorkProjects preserves source order and never mutates its input (0.556333ms)
✔ Work view renders accessible filters, a live total, and distinct catalog structures (1.636666ms)
✔ Work filters rerender the live count and pressed state without changing the route (0.493667ms)
ℹ tests 47
ℹ suites 0
ℹ pass 47
ℹ fail 0
ℹ cancelled 0
ℹ skipped 0
ℹ todo 0
ℹ duration_ms 365.2345

> check
> node --check scripts/app.js && node --check scripts/stage-publication.js && node --check data/projects.js


> test:e2e
> npm run stage:publication && npx playwright test


> stage:publication
> node scripts/stage-publication.js

[WebServer] (node:8064) Warning: The 'NO_COLOR' env is ignored due to the 'FORCE_COLOR' env being set.
[WebServer] (Use `node --trace-warnings ...` to show where the warning was created)

Running 4 tests using 1 worker

(node:8065) Warning: The 'NO_COLOR' env is ignored due to the 'FORCE_COLOR' env being set.
(Use `node --trace-warnings ...` to show where the warning was created)
  ✓  1 tests/browser/acceptance.spec.js:5:1 › Reader shortcut, persistence, reduced motion and focus (571ms)
  ✓  2 tests/browser/acceptance.spec.js:26:1 › clean navigation and saved lens (643ms)
  ✓  3 tests/browser/acceptance.spec.js:43:1 › all project pages have no-JavaScript content and downloads (877ms)
  ✓  4 tests/browser/acceptance.spec.js:59:1 › ShareCLI desktop and mobile accessibility (1.9s)

  4 passed (5.0s)
