
> verify
> npx --no-install vercel build --yes && npm test && npm run check && npm run test:e2e

Installing dependencies...

up to date in 1s

16 packages are looking for funding
  run `npm fund` for details

> stage:publication
> node scripts/stage-publication.js

{
  "status": "ok",
  "outputDir": "/Users/kooshapari/CodeProjects/Phenotype/repos/koosha-phenotype/.vercel/output",
  "outputDirRelative": ".vercel/output",
  "target": "preview",
  "message": "Build completed successfully.",
  "next": [
    {
      "command": "vercel deploy",
      "when": "Deploy the build output"
    }
  ]
}

> test
> node --test tests/*.test.js

✔ publication outputs exclude macOS Finder metadata at every depth (26.766583ms)
✔ Vercel static output contains only staged publication assets and matches source (93.449917ms)
(node:29710) ExperimentalWarning: localStorage is not available because --localstorage-file was not provided.
(Use `node --trace-warnings ...` to show where the warning was created)
✔ lens state accepts engineering and product values (2.96775ms)
✔ lens state rejects unsupported values without notifying (0.404792ms)
✔ diagram contract requires unique nodes and valid edge endpoints (0.9725ms)
✔ NetWeave uses deterministic illustrative data (1.249458ms)
✔ progressive media defaults to a static, reduced-motion-safe fallback (0.16975ms)
✔ OmniRoute static metadata retains its contribution boundary (5.585208ms)
✔ SPA metadata updates every route-level social field (2.186042ms)
✔ architecture nodes are SVG elements with visible positioned labels (10.16275ms)
✔ NetWeave uses one named state control group and keeps the same image across views (3.644334ms)
✔ Workbench exposes five stable inspection views and three bounded states (1.757458ms)
✔ Workbench state is keyboard friendly and reset returns to the entry view (1.384459ms)
✔ Workbench never schedules playback and describes its no-JS fallback (25.549292ms)
✔ OmniRoute engineering artifact renders its conditional routing topology (13.792042ms)
✔ OmniRoute product artifact renders its conditional routing topology (1.35475ms)
✔ portfolio records have unique slugs and required evidence fields (1.12075ms)
✔ fork entries preserve upstream provenance (0.185708ms)
✔ featured records include authored artifact presentation (0.159541ms)
✔ selected homepage assets distinguish deployed derivatives from retained sources (8.034625ms)
✔ deployed hero asset byte hashes and dimensions match the recorded derivatives exactly (1.212041ms)
✔ homepage featured order responds to the active lens while keeping WITF first (0.309416ms)
✔ all featured records have §13 Evidence Panel field (non-empty evidence string) (0.139209ms)
✔ all featured records have §7 lens annotations per COMPONENT_STATE_MATRIX (0.132125ms)
✔ homepage hero projects (gmk-arch, witf) have §13 asset provenance (src + sha256 + dimensions) (0.19775ms)
✔ public evidence labels retain source distinctions without internal filenames (4.03325ms)
(node:29718) ExperimentalWarning: localStorage is not available because --localstorage-file was not provided.
(Use `node --trace-warnings ...` to show where the warning was created)
✔ Reader initializes, honors saved choices, and handles keyboard focus (11.598667ms)
✔ parseRoute recognizes portfolio views (2.067125ms)
✔ parseRoute separates project detail slugs (0.212083ms)
✔ parseRoute recognizes lens routes from path (2.282167ms)
✔ parseRoute returns home for empty and an explicit 404 for unknown routes (0.288666ms)
✔ routeToHash serializes views and project details (1.31625ms)
✔ routeFromLocation honors a legacy project hash only on the Work index (0.454416ms)
✔ ShareCLI recording catalog keeps replay artifacts attributable and separate from the Workbench (2.025875ms)
✔ published recordings preserve the captured bytes and revision (59.588666ms)
✔ ShareCLI workbench exposes four bounded illustrative runtime states (2.72325ms)
✔ ShareCLI workbench is visitor-stepped and resettable without playback (0.376625ms)
✔ ShareCLI workbench keeps its fixture and static-fallback limits visible (3.25075ms)
✔ published top-level navigation pages retain meaningful static content (39.458375ms)
✔ every published project has meaningful static content and truthful provenance (19.08125ms)
✔ every published blog post has meaningful static content and clean navigation (2.271083ms)
✔ Substrate plate keeps its ownership boundary explicit (2.236917ms)
✔ systems plate views describe architecture, not measured telemetry (0.50275ms)
✔ catalog classification is a disjoint featured, compact, archive partition (0.823084ms)
✔ buildWorkCatalog preserves approved filtering and stable group contracts (2.906583ms)
✔ buildWorkCatalog does not mutate records or the source array (0.923959ms)
✔ archive drawers sort dated records newest first and retain undated source order last (0.2175ms)
✔ work filters expose the approved catalog values (1.472958ms)
✔ matchesWorkFilter includes representative records for every approved filter (0.210791ms)
✔ matchesWorkFilter excludes non-matching and unknown filters (0.123333ms)
✔ filterWorkProjects preserves source order and never mutates its input (1.343542ms)
✔ Work view renders accessible filters, a live total, and distinct catalog structures (3.382125ms)
✔ Work filters rerender the live count and pressed state without changing the route (0.941ms)
ℹ tests 53
ℹ suites 0
ℹ pass 53
ℹ fail 0
ℹ cancelled 0
ℹ skipped 0
ℹ todo 0
ℹ duration_ms 684.212834

> check
> node --check scripts/app.js && node --check scripts/stage-publication.js && node --check data/projects.js


> test:e2e
> npm run stage:publication && npx playwright test


> stage:publication
> node scripts/stage-publication.js

[WebServer] (node:30313) Warning: The 'NO_COLOR' env is ignored due to the 'FORCE_COLOR' env being set.
[WebServer] (Use `node --trace-warnings ...` to show where the warning was created)

Running 6 tests using 1 worker

(node:30328) Warning: The 'NO_COLOR' env is ignored due to the 'FORCE_COLOR' env being set.
(Use `node --trace-warnings ...` to show where the warning was created)
  ✓  1 tests/browser/acceptance.spec.js:6:1 › Reader shortcut, persistence, reduced motion and focus (4.7s)
  ✓  2 tests/browser/acceptance.spec.js:27:1 › clean navigation and saved lens (2.0s)
  ✓  3 tests/browser/acceptance.spec.js:44:1 › all project pages have no-JavaScript content and downloads (4.1s)
  ✓  4 tests/browser/acceptance.spec.js:64:1 › top-level navigation pages have no-JavaScript content and clean links (2.0s)
  ✓  5 tests/browser/acceptance.spec.js:89:1 › published blog posts have no-JavaScript content and clean navigation (530ms)
  ✓  6 tests/browser/acceptance.spec.js:106:1 › ShareCLI desktop and mobile accessibility (7.3s)

  6 passed (30.9s)
