
> test
> node --test tests/*.test.js

✔ publication outputs exclude macOS Finder metadata at every depth (86.299375ms)
✖ Vercel static output contains only staged publication assets and matches source (18.300791ms)
✔ every HTML shell receives first-paint gate and native Continue fallback once (3.824708ms)
✔ Continue restores background and persists only for the session (2.253708ms)
✔ blocked session storage getter never prevents entry (1.608833ms)
(node:22841) ExperimentalWarning: localStorage is not available because --localstorage-file was not provided.
(Use `node --trace-warnings ...` to show where the warning was created)
✔ lens state accepts engineering and product values (15.032667ms)
✔ lens state rejects unsupported values without notifying (0.152958ms)
✔ diagram contract requires unique nodes and valid edge endpoints (0.503542ms)
✔ NetWeave uses deterministic illustrative data (3.808333ms)
✔ progressive media defaults to a static, reduced-motion-safe fallback (0.132958ms)
✔ OmniRoute static metadata retains its contribution boundary (15.767ms)
✔ SPA metadata updates every route-level social field (3.138875ms)
✔ tab arrows retain nodes and move focus without hijacking traffic controls (12.104583ms)
✔ small-screen diagram reader retains the same nodes and edge endpoints (2.413917ms)
✔ architecture nodes are SVG elements with visible positioned labels (5.980625ms)
✔ NetWeave uses one named state control group and keeps the same image across views (1.782875ms)
✔ Rendered field exposes object-first labels and explicit highlighted-follower / stationary-lead roles (0.514417ms)
✔ Rendered field never auto-advances state and exposes a discrete motion toggle (0.376083ms)
✔ Rendered field exposes a motion-by-choice toggle that is off by default and never tracks or fetches (0.767542ms)
✔ Workbench exposes five stable inspection views and three bounded states (1.865084ms)
✔ Workbench state is keyboard friendly and reset returns to the entry view (0.241416ms)
✔ Workbench never schedules playback and describes its no-JS fallback (0.149917ms)
✔ Each state names objects first and assigns explicit highlighted-follower and stationary-lead roles (0.970167ms)
✔ Workbench exposes a motion-by-choice API that defaults to off and never auto-plays (0.174ms)
✔ Workbench parity text covers static, no-JavaScript, and reduced-motion contexts (0.213333ms)
✔ Workbench exposes a role lookup that returns highlighted-follower and stationary-lead objects for a state (0.307875ms)
✔ OmniRoute engineering artifact renders its conditional routing topology (7.333375ms)
✔ OmniRoute product artifact renders its conditional routing topology (21.783333ms)
✔ portfolio records have unique slugs and required evidence fields (2.119792ms)
✔ fork entries preserve upstream provenance (0.134ms)
✔ featured records include authored artifact presentation (0.1015ms)
✔ selected homepage assets distinguish deployed derivatives from retained sources (14.204666ms)
✔ public project data keeps retained source locations private (6.248125ms)
✔ deployed hero asset byte hashes and dimensions match the recorded derivatives exactly (1.306833ms)
✔ homepage featured order responds to the active lens while keeping WITF first (0.198584ms)
✔ all featured records have §13 Evidence Panel field (non-empty evidence string) (0.075083ms)
✔ all featured records have §7 lens annotations per COMPONENT_STATE_MATRIX (0.311792ms)
✔ homepage hero projects (gmk-arch, witf) have §13 asset provenance (src + sha256 + dimensions) (0.510542ms)
✔ public evidence labels retain source distinctions without internal filenames (1.063084ms)
(node:22865) ExperimentalWarning: localStorage is not available because --localstorage-file was not provided.
(Use `node --trace-warnings ...` to show where the warning was created)
✔ Reader initializes, honors saved choices, and handles keyboard focus (4.335917ms)
✔ parseRoute recognizes portfolio views (1.149667ms)
✔ parseRoute separates project detail slugs (0.104417ms)
✔ parseRoute recognizes lens routes from path (1.519542ms)
✔ parseRoute returns home for empty and an explicit 404 for unknown routes (0.106542ms)
✔ routeToHash serializes views and project details (0.230875ms)
✔ routeFromLocation honors a legacy project hash only on the Work index (0.57425ms)
✔ ShareCLI recording catalog keeps replay artifacts attributable and separate from the Workbench (1.281167ms)
✔ published recordings preserve the captured bytes and revision (19.609791ms)
✔ each ShareCLI recording names a precision material and an object primitive for its terminal artifact (1.745667ms)
✔ each ShareCLI recording carries the captured .cast SHA-256 and revision-bound provenance (2.32275ms)
✔ each ShareCLI recording preserves an evidence boundary separate from the illustrative Workbench (0.458875ms)
✔ Burst illustration contains four distinct capsules and a stationary rail (37.371667ms)
✔ ShareCLI workbench exposes four bounded illustrative runtime states (1.078875ms)
✔ ShareCLI workbench is visitor-stepped and resettable without playback (0.325833ms)
✔ ShareCLI workbench keeps its fixture and static-fallback limits visible (0.228541ms)
✔ each ShareCLI state names a precision material and an object primitive (0.752834ms)
✔ each ShareCLI state declares object roles and a non-illustrative provenance note (0.261708ms)
✔ ShareCLI workbench exposes visitor-stepped motion-by-choice that defaults off (0.129459ms)
✔ ShareCLI workbench parity text covers static, no-JS, reduced-motion, and provenance boundary (0.173875ms)
✔ ShareCLI workbench renders object-first labels and a discrete motion toggle (5.24025ms)
✔ published top-level navigation pages retain meaningful static content (45.554791ms)
✔ every published project has meaningful static content and truthful provenance (16.256667ms)
✔ every published blog post has meaningful static content and clean navigation (2.866041ms)
✔ Substrate plate keeps its ownership boundary explicit (0.571334ms)
✔ systems plate views describe architecture, not measured telemetry (0.240292ms)
✔ catalog classification is a disjoint featured, compact, archive partition (0.701125ms)
✔ buildWorkCatalog preserves approved filtering and stable group contracts (1.320584ms)
✔ buildWorkCatalog does not mutate records or the source array (0.535333ms)
✔ archive drawers sort dated records newest first and retain undated source order last (0.1295ms)
✔ work filters expose the approved catalog values (0.8765ms)
✔ matchesWorkFilter includes representative records for every approved filter (0.123833ms)
✔ matchesWorkFilter excludes non-matching and unknown filters (0.068459ms)
✔ filterWorkProjects preserves source order and never mutates its input (2.654416ms)
✔ Work view renders accessible filters, a live total, and distinct catalog structures (3.304583ms)
✔ Work filters rerender the live count and pressed state without changing the route (0.950708ms)
ℹ tests 75
ℹ suites 0
ℹ pass 74
ℹ fail 1
ℹ cancelled 0
ℹ skipped 0
ℹ todo 0
ℹ duration_ms 666.43025

✖ failing tests:

test at tests/build-output.test.js:12:1
✖ Vercel static output contains only staged publication assets and matches source (18.300791ms)
  AssertionError [ERR_ASSERTION]: stale Vercel output: scripts/construction-gate.js
  + actual - expected
  ... Skipped lines
  
  + Buffer(1667) [Uint8Array] [
  - Buffer(1665) [Uint8Array] [
      99,
      111,
      110,
      115,
      116,
  ...
      10,
  +   10,
      102,
      117,
      110,
      99,
      116,
  ...
      10,
  +   10
    ]
  
      at TestContext.<anonymous> (file:///Users/kooshapari/CodeProjects/Phenotype/repos/worktrees/KooshaPari-public-sync-20260909/tests/build-output.test.js:58:12)
      at async Test.run (node:internal/test_runner/test:1409:7)
      at async Test.processPendingSubtests (node:internal/test_runner/test:974:7) {
    generatedMessage: false,
    code: 'ERR_ASSERTION',
    actual: <Buffer 63 6f 6e 73 74 20 53 54 4f 52 41 47 45 5f 4b 45 59 20 3d 20 27 70 6f 72 74 66 6f 6c 69 6f 2d 63 6f 6e 73 74 72 75 63 74 69 6f 6e 2d 65 6e 74 65 72 65 ... 1617 more bytes>,
    expected: <Buffer 63 6f 6e 73 74 20 53 54 4f 52 41 47 45 5f 4b 45 59 20 3d 20 27 70 6f 72 74 66 6f 6c 69 6f 2d 63 6f 6e 73 74 72 75 63 74 69 6f 6e 2d 65 6e 74 65 72 65 ... 1615 more bytes>,
    operator: 'deepStrictEqual',
    diff: 'simple'
  }
