
> test
> node --test tests/*.test.js

✔ publication outputs exclude macOS Finder metadata at every depth (78.28875ms)
✔ Vercel static output contains only staged publication assets and matches source (54.677667ms)
✔ every HTML shell receives first-paint gate and native Continue fallback once (10.830375ms)
✔ Continue restores background and persists only for the session (1.89225ms)
✔ blocked session storage getter never prevents entry (0.848792ms)
(node:11334) ExperimentalWarning: localStorage is not available because --localstorage-file was not provided.
(Use `node --trace-warnings ...` to show where the warning was created)
✔ lens state accepts engineering and product values (4.805958ms)
✔ lens state rejects unsupported values without notifying (0.174459ms)
✔ diagram contract requires unique nodes and valid edge endpoints (1.397667ms)
✔ NetWeave uses deterministic illustrative data (1.371917ms)
✔ progressive media defaults to a static, reduced-motion-safe fallback (0.123875ms)
✔ OmniRoute static metadata retains its contribution boundary (4.778625ms)
✔ SPA metadata updates every route-level social field (4.851084ms)
✔ tab arrows retain nodes and move focus without hijacking traffic controls (6.206375ms)
✔ small-screen diagram reader retains the same nodes and edge endpoints (4.856917ms)
✔ architecture nodes are SVG elements with visible positioned labels (1.498042ms)
✔ NetWeave uses one named state control group and keeps the same image across views (5.610042ms)
✔ Rendered field exposes object-first labels and explicit highlighted-follower / stationary-lead roles (0.539083ms)
✔ Rendered field never auto-advances state and exposes a discrete motion toggle (2.440542ms)
✔ Rendered field exposes a motion-by-choice toggle that is off by default and never tracks or fetches (1.144625ms)
✔ Workbench exposes five stable inspection views and three bounded states (2.065292ms)
✔ Workbench state is keyboard friendly and reset returns to the entry view (0.301334ms)
✔ Workbench never schedules playback and describes its no-JS fallback (0.170875ms)
✔ Each state names objects first and assigns explicit highlighted-follower and stationary-lead roles (0.206375ms)
✔ Workbench exposes a motion-by-choice API that defaults to off and never auto-plays (0.129333ms)
✔ Workbench parity text covers static, no-JavaScript, and reduced-motion contexts (0.195167ms)
✔ Workbench exposes a role lookup that returns highlighted-follower and stationary-lead objects for a state (0.309208ms)
✔ OmniRoute engineering artifact renders its conditional routing topology (7.710875ms)
✔ OmniRoute product artifact renders its conditional routing topology (1.171875ms)
✔ tokens.css exposes the precision-material radius, motion, and surface tokens (8.104667ms)
✔ motion tokens stay disciplined — short and standard under 250ms, ambient motion off (3.033458ms)
✔ precision radii stay small (control ≤ 8px, panel ≤ 14px) to avoid plush shapes (3.275708ms)
✔ no banned neon or chromatic glow patterns introduced into the touched stylesheets (1.987708ms)
✔ reduced-motion safety override is preserved across tokens or base (3.964125ms)
✔ construction-gate readability is preserved — its stylesheet is not touched (2.302125ms)
✔ decorative noise filters and full-page blur are not introduced into the public stylesheets (1.106958ms)
✔ touched stylesheets keep the four canonical seed colors and avoid raw neon (3.86375ms)
✔ portfolio records have unique slugs and required evidence fields (1.75675ms)
✔ fork entries preserve upstream provenance (0.164959ms)
✔ featured records include authored artifact presentation (0.1135ms)
✔ selected homepage assets distinguish deployed derivatives from retained sources (9.765709ms)
✔ public project data keeps retained source locations private (2.018583ms)
✔ deployed hero asset byte hashes and dimensions match the recorded derivatives exactly (0.69725ms)
✔ homepage featured order responds to the active lens while keeping WITF first (0.332125ms)
✔ all featured records have §13 Evidence Panel field (non-empty evidence string) (10.259917ms)
✔ all featured records have §7 lens annotations per COMPONENT_STATE_MATRIX (0.299125ms)
✔ homepage hero projects (gmk-arch, witf) have §13 asset provenance (src + sha256 + dimensions) (0.181333ms)
✔ public evidence labels retain source distinctions without internal filenames (2.394958ms)
(node:11344) ExperimentalWarning: localStorage is not available because --localstorage-file was not provided.
(Use `node --trace-warnings ...` to show where the warning was created)
✔ Reader initializes, honors saved choices, and handles keyboard focus (4.5965ms)
✔ parseRoute recognizes portfolio views (1.162375ms)
✔ parseRoute separates project detail slugs (0.127125ms)
✔ parseRoute recognizes lens routes from path (0.81ms)
✔ parseRoute returns home for empty and an explicit 404 for unknown routes (0.089292ms)
✔ routeToHash serializes views and project details (0.11875ms)
✔ routeFromLocation honors a legacy project hash only on the Work index (0.188958ms)
✔ ShareCLI recording catalog keeps replay artifacts attributable and separate from the Workbench (1.186541ms)
✔ published recordings preserve the captured bytes and revision (34.15875ms)
✔ each ShareCLI recording names a precision material and an object primitive for its terminal artifact (1.798875ms)
✔ each ShareCLI recording carries the captured .cast SHA-256 and revision-bound provenance (1.165ms)
✔ each ShareCLI recording preserves an evidence boundary separate from the illustrative Workbench (0.624417ms)
✔ Burst illustration contains four distinct capsules and a stationary rail (9.147667ms)
✔ ShareCLI workbench exposes four bounded illustrative runtime states (0.682167ms)
✔ ShareCLI workbench is visitor-stepped and resettable without playback (0.168208ms)
✔ ShareCLI workbench keeps its fixture and static-fallback limits visible (0.171917ms)
✔ each ShareCLI state names a precision material and an object primitive (0.833ms)
✔ each ShareCLI state declares object roles and a non-illustrative provenance note (0.297125ms)
✔ ShareCLI workbench exposes visitor-stepped motion-by-choice that defaults off (0.13175ms)
✔ ShareCLI workbench parity text covers static, no-JS, reduced-motion, and provenance boundary (0.191625ms)
✔ ShareCLI workbench renders object-first labels and a discrete motion toggle (3.484417ms)
✔ published top-level navigation pages retain meaningful static content (35.905959ms)
✔ every published project has meaningful static content and truthful provenance (20.33675ms)
✔ every published blog post has meaningful static content and clean navigation (1.813333ms)
✔ Substrate plate keeps its ownership boundary explicit (0.606ms)
✔ systems plate views describe architecture, not measured telemetry (0.248625ms)
✔ catalog classification is a disjoint featured, compact, archive partition (0.752792ms)
✔ buildWorkCatalog preserves approved filtering and stable group contracts (1.431958ms)
✔ buildWorkCatalog does not mutate records or the source array (0.218208ms)
✔ archive drawers sort dated records newest first and retain undated source order last (0.117625ms)
✔ work filters expose the approved catalog values (0.943625ms)
✔ matchesWorkFilter includes representative records for every approved filter (0.137542ms)
✔ matchesWorkFilter excludes non-matching and unknown filters (0.080208ms)
✔ filterWorkProjects preserves source order and never mutates its input (1.251208ms)
✔ Work view renders accessible filters, a live total, and distinct catalog structures (2.501959ms)
✔ Work filters rerender the live count and pressed state without changing the route (0.565709ms)
ℹ tests 83
ℹ suites 0
ℹ pass 83
ℹ fail 0
ℹ cancelled 0
ℹ skipped 0
ℹ todo 0
ℹ duration_ms 726.681875
